   Compiling libc v0.2.189
   Compiling proc-macro2 v1.0.107
   Compiling unicode-ident v1.0.24
   Compiling quote v1.0.47
   Compiling serde_core v1.0.229
   Compiling find-msvc-tools v0.1.12
   Compiling shlex v2.0.1
    Checking memchr v2.8.3
   Compiling autocfg v1.5.1
    Checking bitflags v2.13.2
    Checking cfg-if v1.0.4
   Compiling cc v1.4.5
   Compiling parking_lot_core v0.9.12
   Compiling num-traits v0.2.19
   Compiling lua-src v551.0.2
   Compiling typeid v1.0.3
    Checking futures-core v0.3.34
    Checking pin-project-lite v0.2.17
    Checking futures-sink v0.3.34
   Compiling serde v1.0.229
    Checking utf8parse v0.2.2
    Checking smallvec v1.16.1
   Compiling pkg-config v0.3.34
    Checking scopeguard v1.2.0
    Checking anstyle-parse v1.0.0
    Checking lock_api v0.4.14
    Checking futures-channel v0.3.34
    Checking futures-task v0.3.34
    Checking errno v0.3.14
    Checking anstyle-query v1.1.5
    Checking futures-io v0.3.34
   Compiling syn v3.0.5
   Compiling which v8.0.6
    Checking anstyle v1.0.14
   Compiling erased-serde v0.4.10
    Checking is_terminal_polyfill v1.70.2
   Compiling futures-macro v0.3.34
   Compiling serde_derive v1.0.229
    Checking colorchoice v1.0.5
   Compiling zmij v1.0.23
    Checking slab v0.4.12
   Compiling luajit-src v210.7.3+1ee778a
    Checking anstream v1.0.0
    Checking futures-util v0.3.34
    Checking objc2-core-foundation v0.3.2
   Compiling mlua-sys v0.12.0
    Checking same-file v1.0.6
    Checking parking_lot v0.12.5
    Checking ordered-float v2.10.1
    Checking strsim v0.11.1
   Compiling heck v0.5.0
   Compiling thiserror v2.0.20
   Compiling notify v9.0.0-rc.5
    Checking clap_lex v1.1.0
   Compiling serde_json v1.0.151
    Checking objc2-core-services v0.3.2
    Checking clap_builder v4.6.6
   Compiling clap_derive v4.6.4
    Checking walkdir v2.5.0
    Checking bstr v1.13.1
   Compiling tokio-macros v2.7.2
   Compiling thiserror-impl v2.0.20
    Checking signal-hook-registry v1.4.8
    Checking socket2 v0.6.5
    Checking mio v1.2.3
    Checking notify-types v2.1.0
   Compiling getrandom v0.4.3
    Checking either v1.18.0
   Compiling rustix v1.1.4
    Checking log v0.4.34
    Checking bytes v1.12.1
    Checking xxhash-rust v0.8.18
    Checking serde-value v0.7.0
    Checking itoa v1.0.18
    Checking rustc-hash v2.1.3
    Checking clap v4.6.6
    Checking once_cell v1.21.4
    Checking tokio v1.53.1
    Checking fastrand v2.5.0
    Checking futures-executor v0.3.34
    Checking futures v0.3.34
    Checking mlua v0.12.1
    Checking tempfile v3.27.0
    Checking zirkle v0.1.0 (/Users/feb/dev/cartridge)
error: unnecessary use of `to_owned`
   --> src/tests/wire.rs:163:14
    |
163 |             host.call(&key.to_owned(), json!(null)),
    |                       ^^^^^^^^^^^^^^^ help: use: `key`
    |
    = help: for further information visit https://rust-lang.github.io/rust-clippy/rust-1.98.0/index.html#unnecessary_to_owned
    = note: `-D clippy::unnecessary-to-owned` implied by `-D warnings`
    = help: to override `-D warnings` add `#[allow(clippy::unnecessary_to_owned)]`

error: could not compile `zirkle` (lib test) due to 1 previous error
