zirkle v0.1.0 (/Users/feb/dev/cartridge)
clap v4.6.6
clap_builder v4.6.6
anstream v1.0.0
anstyle v1.0.14
anstyle-parse v1.0.0
utf8parse v0.2.2
anstyle-query v1.1.5
colorchoice v1.0.5
is_terminal_polyfill v1.70.2
utf8parse v0.2.2
anstyle v1.0.14
clap_lex v1.1.0
strsim v0.11.1
clap_derive v4.6.4 (proc-macro)
heck v0.5.0
proc-macro2 v1.0.107
unicode-ident v1.0.24
quote v1.0.47
proc-macro2 v1.0.107 (*)
syn v3.0.5
proc-macro2 v1.0.107 (*)
quote v1.0.47 (*)
unicode-ident v1.0.24
futures v0.3.34
futures-channel v0.3.34
futures-core v0.3.34
futures-sink v0.3.34
futures-core v0.3.34
futures-executor v0.3.34
futures-core v0.3.34
futures-task v0.3.34
futures-util v0.3.34
futures-channel v0.3.34 (*)
futures-core v0.3.34
futures-io v0.3.34
futures-macro v0.3.34 (proc-macro)
proc-macro2 v1.0.107 (*)
quote v1.0.47 (*)
syn v3.0.5 (*)
futures-sink v0.3.34
futures-task v0.3.34
memchr v2.8.3
pin-project-lite v0.2.17
slab v0.4.12
futures-io v0.3.34
futures-sink v0.3.34
futures-task v0.3.34
futures-util v0.3.34 (*)
mlua v0.12.1
bstr v1.13.1
memchr v2.8.3
serde_core v1.0.229
either v1.18.0
erased-serde v0.4.10
serde_core v1.0.229
typeid v1.0.3
libc v0.2.189
mlua-sys v0.12.0
libc v0.2.189
cc v1.4.5
find-msvc-tools v0.1.12
shlex v2.0.1
cfg-if v1.0.4
lua-src v551.0.2
cc v1.4.5 (*)
luajit-src v210.7.3+1ee778a
cc v1.4.5 (*)
which v8.0.6
libc v0.2.189
pkg-config v0.3.34
num-traits v0.2.19
autocfg v1.5.1
parking_lot v0.12.5
lock_api v0.4.14
scopeguard v1.2.0
parking_lot_core v0.9.12
cfg-if v1.0.4
libc v0.2.189
smallvec v1.16.1
rustc-hash v2.1.3
serde v1.0.229
serde_core v1.0.229
serde_derive v1.0.229 (proc-macro)
proc-macro2 v1.0.107 (*)
quote v1.0.47 (*)
syn v3.0.5 (*)
serde-value v0.7.0
ordered-float v2.10.1
num-traits v0.2.19 (*)
serde v1.0.229 (*)
notify v9.0.0-rc.5
bitflags v2.13.2
libc v0.2.189
log v0.4.34
notify-types v2.1.0
bitflags v2.13.2
objc2-core-foundation v0.3.2
bitflags v2.13.2
objc2-core-services v0.3.2
libc v0.2.189
objc2-core-foundation v0.3.2 (*)
walkdir v2.5.0
same-file v1.0.6
xxhash-rust v0.8.18
parking_lot v0.12.5 (*)
serde v1.0.229 (*)
serde_json v1.0.151
itoa v1.0.18
memchr v2.8.3
serde_core v1.0.229
zmij v1.0.23
thiserror v2.0.20
thiserror-impl v2.0.20 (proc-macro)
proc-macro2 v1.0.107 (*)
quote v1.0.47 (*)
syn v3.0.5 (*)
tokio v1.53.1
bytes v1.12.1
libc v0.2.189
mio v1.2.3
libc v0.2.189
parking_lot v0.12.5 (*)
pin-project-lite v0.2.17
signal-hook-registry v1.4.8
errno v0.3.14
libc v0.2.189
libc v0.2.189
socket2 v0.6.5
libc v0.2.189
tokio-macros v2.7.2 (proc-macro)
proc-macro2 v1.0.107 (*)
quote v1.0.47 (*)
syn v3.0.5 (*)
