   Compiling libc v0.2.189
   Compiling proc-macro2 v1.0.107
   Compiling quote v1.0.47
   Compiling unicode-ident v1.0.24
   Compiling serde_core v1.0.229
   Compiling find-msvc-tools v0.1.12
   Compiling shlex v2.0.1
   Compiling bitflags v2.13.2
   Compiling cfg-if v1.0.4
   Compiling memchr v2.8.3
   Compiling autocfg v1.5.1
   Compiling parking_lot_core v0.9.12
   Compiling cc v1.4.5
   Compiling serde v1.0.229
   Compiling num-traits v0.2.19
   Compiling utf8parse v0.2.2
   Compiling typeid v1.0.3
   Compiling pkg-config v0.3.34
   Compiling futures-core v0.3.34
   Compiling futures-sink v0.3.34
   Compiling scopeguard v1.2.0
   Compiling pin-project-lite v0.2.17
   Compiling smallvec v1.16.1
   Compiling lua-src v551.0.2
   Compiling lock_api v0.4.14
   Compiling futures-channel v0.3.34
   Compiling anstyle-parse v1.0.0
   Compiling futures-task v0.3.34
   Compiling colorchoice v1.0.5
   Compiling zmij v1.0.23
   Compiling futures-io v0.3.34
   Compiling syn v3.0.5
   Compiling erased-serde v0.4.10
   Compiling errno v0.3.14
   Compiling which v8.0.6
   Compiling is_terminal_polyfill v1.70.2
   Compiling anstyle v1.0.14
   Compiling slab v0.4.12
   Compiling anstyle-query v1.1.5
   Compiling luajit-src v210.7.3+1ee778a
   Compiling parking_lot v0.12.5
   Compiling anstream v1.0.0
   Compiling objc2-core-foundation v0.3.2
   Compiling clap_lex v1.1.0
   Compiling strsim v0.11.1
   Compiling mlua-sys v0.12.0
   Compiling ordered-float v2.10.1
   Compiling same-file v1.0.6
   Compiling thiserror v2.0.20
   Compiling heck v0.5.0
   Compiling notify v9.0.0-rc.5
   Compiling serde_json v1.0.151
   Compiling walkdir v2.5.0
   Compiling objc2-core-services v0.3.2
   Compiling clap_builder v4.6.6
   Compiling bstr v1.13.1
   Compiling signal-hook-registry v1.4.8
   Compiling mio v1.2.3
   Compiling socket2 v0.6.5
   Compiling notify-types v2.1.0
   Compiling getrandom v0.4.3
   Compiling either v1.18.0
   Compiling rustix v1.1.4
   Compiling xxhash-rust v0.8.18
   Compiling bytes v1.12.1
   Compiling log v0.4.34
   Compiling itoa v1.0.18
   Compiling rustc-hash v2.1.3
   Compiling fastrand v2.5.0
   Compiling futures-macro v0.3.34
   Compiling serde_derive v1.0.229
   Compiling thiserror-impl v2.0.20
   Compiling tokio-macros v2.7.2
   Compiling clap_derive v4.6.4
   Compiling futures-util v0.3.34
   Compiling tokio v1.53.1
   Compiling once_cell v1.21.4
   Compiling tempfile v3.27.0
   Compiling serde-value v0.7.0
   Compiling futures-executor v0.3.34
   Compiling clap v4.6.6
   Compiling futures v0.3.34
   Compiling mlua v0.12.1
   Compiling zirkle v0.1.0 (/Users/feb/dev/cartridge)
    Finished `release` profile [optimized] target(s) in 15.94s
